ARM Linker, 5.03 [Build 76] [MDK-ARM Lite]

==============================================================================

Section Cross References

    startup.o(RESET) refers to startup.o(STACK) for StackMem
    startup.o(RESET) refers to main.o(i.SysTick_Handler) for SysTick_Handler
    startup.o(RESET) refers to ssd2119.o(i.GPIOPortA_Handler) for GPIOPortA_Handler
    startup.o(RESET) refers to main.o(i.Timer2A_Handler) for Timer2A_Handler
    startup.o(RESET) refers to entry.o(.ARM.Collect$$$$00000000) for __main
    ssd2119.o(i.LCD_ColorFill) refers to ssd2119.o(i.LCD_DrawFilledRect) for LCD_DrawFilledRect
    ssd2119.o(i.LCD_DrawBMP) refers to ssd2119.o(i.convertColor) for convertColor
    ssd2119.o(i.LCD_DrawBMP) refers to ssd2119.o(i.LCD_WriteCommand) for LCD_WriteCommand
    ssd2119.o(i.LCD_DrawBMP) refers to ssd2119.o(i.LCD_WriteData) for LCD_WriteData
    ssd2119.o(i.LCD_DrawBMP) refers to ssd2119.o(.bss) for colorTable
    ssd2119.o(i.LCD_DrawCircle) refers to ssd2119.o(i.LCD_DrawPixel) for LCD_DrawPixel
    ssd2119.o(i.LCD_DrawFilledCircle) refers to ssd2119.o(i.LCD_DrawPixel) for LCD_DrawPixel
    ssd2119.o(i.LCD_DrawFilledRect) refers to ssd2119.o(i.LCD_WriteCommand) for LCD_WriteCommand
    ssd2119.o(i.LCD_DrawFilledRect) refers to ssd2119.o(i.LCD_WriteData) for LCD_WriteData
    ssd2119.o(i.LCD_DrawImage) refers to ssd2119.o(i.LCD_WriteCommand) for LCD_WriteCommand
    ssd2119.o(i.LCD_DrawImage) refers to ssd2119.o(i.LCD_WriteData) for LCD_WriteData
    ssd2119.o(i.LCD_DrawLine) refers to ssd2119.o(i.LCD_DrawPixel) for LCD_DrawPixel
    ssd2119.o(i.LCD_DrawPixel) refers to ssd2119.o(i.LCD_WriteCommand) for LCD_WriteCommand
    ssd2119.o(i.LCD_DrawPixel) refers to ssd2119.o(i.LCD_WriteData) for LCD_WriteData
    ssd2119.o(i.LCD_DrawPixelRGB) refers to ssd2119.o(i.convertColor) for convertColor
    ssd2119.o(i.LCD_DrawPixelRGB) refers to ssd2119.o(i.LCD_DrawPixel) for LCD_DrawPixel
    ssd2119.o(i.LCD_DrawRect) refers to ssd2119.o(i.LCD_DrawLine) for LCD_DrawLine
    ssd2119.o(i.LCD_Goto) refers to ssd2119.o(i.LCD_SetCursor) for LCD_SetCursor
    ssd2119.o(i.LCD_Init) refers to ssd2119.o(i.LCD_GPIOInit) for LCD_GPIOInit
    ssd2119.o(i.LCD_Init) refers to ssd2119.o(i.LCD_WriteCommand) for LCD_WriteCommand
    ssd2119.o(i.LCD_Init) refers to ssd2119.o(i.LCD_WriteData) for LCD_WriteData
    ssd2119.o(i.LCD_Init) refers to ssd2119.o(i.LCD_SetCursor) for LCD_SetCursor
    ssd2119.o(i.LCD_Init) refers to ssd2119.o(i.LCD_SetTextColor) for LCD_SetTextColor
    ssd2119.o(i.LCD_PrintBinary) refers to ssd2119.o(i.LCD_PrintString) for LCD_PrintString
    ssd2119.o(i.LCD_PrintBinary) refers to ssd2119.o(i.LCD_PrintChar) for LCD_PrintChar
    ssd2119.o(i.LCD_PrintChar) refers to ssd2119.o(i.LCD_SetCursor) for LCD_SetCursor
    ssd2119.o(i.LCD_PrintChar) refers to ssd2119.o(i.LCD_DrawPixel) for LCD_DrawPixel
    ssd2119.o(i.LCD_PrintChar) refers to ssd2119.o(.data) for cursorY
    ssd2119.o(i.LCD_PrintChar) refers to ssd2119.o(.constdata) for ASCII
    ssd2119.o(i.LCD_PrintFloat) refers to f2d.o(.text) for __aeabi_f2d
    ssd2119.o(i.LCD_PrintFloat) refers to ssd2119.o(i.printf) for printf
    ssd2119.o(i.LCD_PrintFloat) refers to ffixi.o(.text) for __aeabi_f2iz
    ssd2119.o(i.LCD_PrintFloat) refers to ssd2119.o(i.LCD_PrintChar) for LCD_PrintChar
    ssd2119.o(i.LCD_PrintHex) refers to ssd2119.o(i.LCD_PrintString) for LCD_PrintString
    ssd2119.o(i.LCD_PrintHex) refers to ssd2119.o(i.LCD_PrintChar) for LCD_PrintChar
    ssd2119.o(i.LCD_PrintInteger) refers to ssd2119.o(i.LCD_PrintChar) for LCD_PrintChar
    ssd2119.o(i.LCD_PrintString) refers to ssd2119.o(i.LCD_PrintChar) for LCD_PrintChar
    ssd2119.o(i.LCD_SetCursor) refers to ssd2119.o(.data) for cursorX
    ssd2119.o(i.LCD_SetTextColor) refers to ssd2119.o(i.convertColor) for convertColor
    ssd2119.o(i.LCD_SetTextColor) refers to ssd2119.o(.data) for textColor
    ssd2119.o(i.Touch_BeginWaitForTouch) refers to startup.o(.text) for DisableInterrupts
    ssd2119.o(i.Touch_GetCoords) refers to memcpya.o(.text) for __aeabi_memcpy4
    ssd2119.o(i.Touch_GetCoords) refers to ssd2119.o(.constdata) for .constdata
    ssd2119.o(i.Touch_GetCoords) refers to ssd2119.o(.data) for Touch_XVal
    ssd2119.o(i.Touch_Init) refers to ssd2119.o(i.ADC_Init) for ADC_Init
    ssd2119.o(i.Touch_ReadX) refers to ssd2119.o(i.ADC_SetChannel) for ADC_SetChannel
    ssd2119.o(i.Touch_ReadX) refers to ssd2119.o(i.ADC_Read) for ADC_Read
    ssd2119.o(i.Touch_ReadX) refers to ssd2119.o(.data) for Touch_XVal
    ssd2119.o(i.Touch_ReadY) refers to ssd2119.o(i.ADC_SetChannel) for ADC_SetChannel
    ssd2119.o(i.Touch_ReadY) refers to ssd2119.o(i.ADC_Read) for ADC_Read
    ssd2119.o(i.Touch_ReadY) refers to ssd2119.o(.data) for Touch_YVal
    ssd2119.o(i.Touch_ReadZ1) refers to ssd2119.o(i.ADC_SetChannel) for ADC_SetChannel
    ssd2119.o(i.Touch_ReadZ1) refers to ssd2119.o(i.ADC_Read) for ADC_Read
    ssd2119.o(i.Touch_ReadZ2) refers to ssd2119.o(i.ADC_SetChannel) for ADC_SetChannel
    ssd2119.o(i.Touch_ReadZ2) refers to ssd2119.o(i.ADC_Read) for ADC_Read
    ssd2119.o(i.printf) refers to ssd2119.o(i.LCD_PrintInteger) for LCD_PrintInteger
    ssd2119.o(i.printf) refers to ssd2119.o(i.LCD_PrintChar) for LCD_PrintChar
    ssd2119.o(i.printf) refers to ssd2119.o(i.LCD_PrintString) for LCD_PrintString
    ssd2119.o(i.printf) refers to ssd2119.o(i.LCD_PrintFloat) for LCD_PrintFloat
    ssd2119.o(i.printf) refers to ssd2119.o(i.LCD_PrintHex) for LCD_PrintHex
    ssd2119.o(i.printf) refers to ssd2119.o(i.LCD_PrintBinary) for LCD_PrintBinary
    random.o(.text) refers to random.o(DATA) for M
    main.o(i.DEATH) refers to ssd2119.o(i.LCD_SetCursor) for LCD_SetCursor
    main.o(i.DEATH) refers to ssd2119.o(i.LCD_SetTextColor) for LCD_SetTextColor
    main.o(i.DEATH) refers to ssd2119.o(i.LCD_PrintString) for LCD_PrintString
    main.o(i.DEATH) refers to main.o(.data) for deathPause
    main.o(i.SysTick_Handler) refers to adc.o(i.ADC_In) for ADC_In
    main.o(i.SysTick_Handler) refers to main.o(.data) for ADCData
    main.o(i.SysTick_Handler) refers to main.o(.bss) for enemy
    main.o(i.SysTick_Init) refers to startup.o(.text) for EnableInterrupts
    main.o(i.Timer2A_Handler) refers to main.o(i.DAC_Out) for DAC_Out
    main.o(i.Timer2A_Handler) refers to main.o(i.Timer2A_Stop) for Timer2A_Stop
    main.o(i.Timer2A_Handler) refers to main.o(.data) for sound
    main.o(i.Timer2A_Start) refers to main.o(.data) for TimerCount
    main.o(i.Timer2_Init) refers to main.o(i.Timer2A_Start) for Timer2A_Start
    main.o(i.Timer2_Init) refers to main.o(.data) for TimerCount
    main.o(i.main) refers to pll.o(i.PLL_Init) for PLL_Init
    main.o(i.main) refers to ssd2119.o(i.LCD_Init) for LCD_Init
    main.o(i.main) refers to ssd2119.o(i.LCD_Goto) for LCD_Goto
    main.o(i.main) refers to ssd2119.o(i.LCD_SetTextColor) for LCD_SetTextColor
    main.o(i.main) refers to ssd2119.o(i.printf) for printf
    main.o(i.main) refers to ssd2119.o(i.LCD_DrawLine) for LCD_DrawLine
    main.o(i.main) refers to adc.o(i.ADC_Initialize) for ADC_Initialize
    main.o(i.main) refers to main.o(i.Timer2_Init) for Timer2_Init
    main.o(i.main) refers to main.o(i.Timer2A_Stop) for Timer2A_Stop
    main.o(i.main) refers to main.o(i.SysTick_Init) for SysTick_Init
    main.o(i.main) refers to ssd2119.o(i.LCD_SetCursor) for LCD_SetCursor
    main.o(i.main) refers to ssd2119.o(i.LCD_PrintString) for LCD_PrintString
    main.o(i.main) refers to adc.o(i.ADC_In) for ADC_In
    main.o(i.main) refers to dflti.o(.text) for __aeabi_i2d
    main.o(i.main) refers to dmul.o(.text) for __aeabi_dmul
    main.o(i.main) refers to dadd.o(.text) for __aeabi_dadd
    main.o(i.main) refers to dfixi.o(.text) for __aeabi_d2iz
    main.o(i.main) refers to main.o(.data) for wave
    main.o(i.main) refers to main.o(.bss) for enemy
    main.o(i.main) refers to ssd2119.o(i.LCD_DrawBMP) for LCD_DrawBMP
    main.o(i.main) refers to main.o(i.DEATH) for DEATH
    main.o(i.main) refers to main.o(.constdata) for UshipErase
    main.o(i.main) refers to main.o(i.Timer2A_Start) for Timer2A_Start
    main.o(i.main) refers to random.o(.text) for Random
    entry.o(.ARM.Collect$$$$00000000) refers (Special) to entry10a.o(.ARM.Collect$$$$0000000D) for __rt_final_cpp
    entry.o(.ARM.Collect$$$$00000000) refers (Special) to entry11a.o(.ARM.Collect$$$$0000000F) for __rt_final_exit
    entry.o(.ARM.Collect$$$$00000000) refers (Special) to entry7b.o(.ARM.Collect$$$$00000008) for _main_clock
    entry.o(.ARM.Collect$$$$00000000) refers (Special) to entry8b.o(.ARM.Collect$$$$0000000A) for _main_cpp_init
    entry.o(.ARM.Collect$$$$00000000) refers (Special) to entry9a.o(.ARM.Collect$$$$0000000B) for _main_init
    entry.o(.ARM.Collect$$$$00000000) refers (Special) to entry5.o(.ARM.Collect$$$$00000004) for _main_scatterload
    entry.o(.ARM.Collect$$$$00000000) refers (Special) to entry2.o(.ARM.Collect$$$$00000001) for _main_stk
    dadd.o(.text) refers (Special) to iusefp.o(.text) for __I$use$fp
    dadd.o(.text) refers to llshl.o(.text) for __aeabi_llsl
    dadd.o(.text) refers to llsshr.o(.text) for __aeabi_lasr
    dadd.o(.text) refers to depilogue.o(.text) for _double_epilogue
    dmul.o(.text) refers (Special) to iusefp.o(.text) for __I$use$fp
    dmul.o(.text) refers to depilogue.o(.text) for _double_epilogue
    dflti.o(.text) refers (Special) to iusefp.o(.text) for __I$use$fp
    dflti.o(.text) refers to depilogue.o(.text) for _double_epilogue
    ffixi.o(.text) refers (Special) to iusefp.o(.text) for __I$use$fp
    dfixi.o(.text) refers (Special) to iusefp.o(.text) for __I$use$fp
    dfixi.o(.text) refers to llushr.o(.text) for __aeabi_llsr
    f2d.o(.text) refers (Special) to iusefp.o(.text) for __I$use$fp
    entry2.o(.ARM.Collect$$$$00000001) refers to entry2.o(.ARM.Collect$$$$00002712) for __lit__00000000
    entry2.o(.ARM.Collect$$$$00002712) refers to startup.o(STACK) for __initial_sp
    entry2.o(__vectab_stack_and_reset_area) refers to startup.o(STACK) for __initial_sp
    entry2.o(__vectab_stack_and_reset_area) refers to entry.o(.ARM.Collect$$$$00000000) for __main
    entry5.o(.ARM.Collect$$$$00000004) refers to init.o(.text) for __scatterload
    entry9a.o(.ARM.Collect$$$$0000000B) refers to main.o(i.main) for main
    entry9b.o(.ARM.Collect$$$$0000000C) refers to main.o(i.main) for main
    depilogue.o(.text) refers to llshl.o(.text) for __aeabi_llsl
    depilogue.o(.text) refers to llushr.o(.text) for __aeabi_llsr
    init.o(.text) refers to entry5.o(.ARM.Collect$$$$00000004) for __main_after_scatterload


==============================================================================

Removing Unused input sections from the image.

    Removing startup.o(HEAP), (0 bytes).
    Removing ssd2119.o(i.ADC_Init), (156 bytes).
    Removing ssd2119.o(i.ADC_Read), (44 bytes).
    Removing ssd2119.o(i.ADC_SetChannel), (64 bytes).
    Removing ssd2119.o(i.LCD_ColorFill), (22 bytes).
    Removing ssd2119.o(i.LCD_DrawCircle), (256 bytes).
    Removing ssd2119.o(i.LCD_DrawFilledCircle), (210 bytes).
    Removing ssd2119.o(i.LCD_DrawFilledRect), (78 bytes).
    Removing ssd2119.o(i.LCD_DrawImage), (228 bytes).
    Removing ssd2119.o(i.LCD_DrawPixelRGB), (42 bytes).
    Removing ssd2119.o(i.LCD_DrawRect), (126 bytes).
    Removing ssd2119.o(i.Touch_BeginWaitForTouch), (184 bytes).
    Removing ssd2119.o(i.Touch_GetCoords), (92 bytes).
    Removing ssd2119.o(i.Touch_Init), (96 bytes).
    Removing ssd2119.o(i.Touch_ReadX), (300 bytes).
    Removing ssd2119.o(i.Touch_ReadY), (272 bytes).
    Removing ssd2119.o(i.Touch_ReadZ1), (264 bytes).
    Removing ssd2119.o(i.Touch_ReadZ2), (288 bytes).
    Removing ssd2119.o(i.abs), (14 bytes).

19 unused section(s) (total 2736 bytes) removed from the image.

==============================================================================

Image Symbol Table

    Local Symbols

    Symbol Name                              Value     Ov Type        Size  Object(Section)

    RESET                                    0x00000000   Section      644  startup.o(RESET)
    ../clib/../cmprslib/lz77c.c              0x00000000   Number         0  __dclz77c.o ABSOLUTE
    ../clib/microlib/init/entry.s            0x00000000   Number         0  entry10a.o ABSOLUTE
    ../clib/microlib/init/entry.s            0x00000000   Number         0  entry11b.o ABSOLUTE
    ../clib/microlib/init/entry.s            0x00000000   Number         0  entry.o ABSOLUTE
    ../clib/microlib/init/entry.s            0x00000000   Number         0  entry8a.o ABSOLUTE
    ../clib/microlib/init/entry.s            0x00000000   Number         0  entry11a.o ABSOLUTE
    ../clib/microlib/init/entry.s            0x00000000   Number         0  entry10b.o ABSOLUTE
    ../clib/microlib/init/entry.s            0x00000000   Number         0  entry5.o ABSOLUTE
    ../clib/microlib/init/entry.s            0x00000000   Number         0  entry2.o ABSOLUTE
    ../clib/microlib/init/entry.s            0x00000000   Number         0  entry9b.o ABSOLUTE
    ../clib/microlib/init/entry.s            0x00000000   Number         0  entry7a.o ABSOLUTE
    ../clib/microlib/init/entry.s            0x00000000   Number         0  entry9a.o ABSOLUTE
    ../clib/microlib/init/entry.s            0x00000000   Number         0  entry7b.o ABSOLUTE
    ../clib/microlib/init/entry.s            0x00000000   Number         0  entry8b.o ABSOLUTE
    ../clib/microlib/longlong.c              0x00000000   Number         0  llshl.o ABSOLUTE
    ../clib/microlib/longlong.c              0x00000000   Number         0  llushr.o ABSOLUTE
    ../clib/microlib/longlong.c              0x00000000   Number         0  llsshr.o ABSOLUTE
    ../clib/microlib/string/memcpy.c         0x00000000   Number         0  memcpyb.o ABSOLUTE
    ../clib/microlib/string/memcpy.c         0x00000000   Number         0  memcpya.o ABSOLUTE
    ../clib/microlib/stubs.s                 0x00000000   Number         0  iusefp.o ABSOLUTE
    ../fplib/microlib/f2d.c                  0x00000000   Number         0  f2d.o ABSOLUTE
    ../fplib/microlib/fpadd.c                0x00000000   Number         0  dadd.o ABSOLUTE
    ../fplib/microlib/fpepilogue.c           0x00000000   Number         0  depilogue.o ABSOLUTE
    ../fplib/microlib/fpfix.c                0x00000000   Number         0  dfixi.o ABSOLUTE
    ../fplib/microlib/fpfix.c                0x00000000   Number         0  ffixi.o ABSOLUTE
    ../fplib/microlib/fpflt.c                0x00000000   Number         0  dflti.o ABSOLUTE
    ../fplib/microlib/fpmul.c                0x00000000   Number         0  dmul.o ABSOLUTE
    ADC.c                                    0x00000000   Number         0  adc.o ABSOLUTE
    PLL.c                                    0x00000000   Number         0  pll.o ABSOLUTE
    SSD2119.c                                0x00000000   Number         0  ssd2119.o ABSOLUTE
    dc.s                                     0x00000000   Number         0  dc.o ABSOLUTE
    handlers.s                               0x00000000   Number         0  handlers.o ABSOLUTE
    init.s                                   0x00000000   Number         0  init.o ABSOLUTE
    main.c                                   0x00000000   Number         0  main.o ABSOLUTE
    random.s                                 0x00000000   Number         0  random.o ABSOLUTE
    startup.s                                0x00000000   Number         0  startup.o ABSOLUTE
    .ARM.Collect$$$$00000000                 0x00000284   Section        0  entry.o(.ARM.Collect$$$$00000000)
    .ARM.Collect$$$$00000001                 0x00000284   Section        4  entry2.o(.ARM.Collect$$$$00000001)
    .ARM.Collect$$$$00000004                 0x00000288   Section        4  entry5.o(.ARM.Collect$$$$00000004)
    .ARM.Collect$$$$00000008                 0x0000028c   Section        0  entry7b.o(.ARM.Collect$$$$00000008)
    .ARM.Collect$$$$0000000A                 0x0000028c   Section        0  entry8b.o(.ARM.Collect$$$$0000000A)
    .ARM.Collect$$$$0000000B                 0x0000028c   Section        8  entry9a.o(.ARM.Collect$$$$0000000B)
    .ARM.Collect$$$$0000000D                 0x00000294   Section        0  entry10a.o(.ARM.Collect$$$$0000000D)
    .ARM.Collect$$$$0000000F                 0x00000294   Section        0  entry11a.o(.ARM.Collect$$$$0000000F)
    .ARM.Collect$$$$00002712                 0x00000294   Section        4  entry2.o(.ARM.Collect$$$$00002712)
    __lit__00000000                          0x00000294   Data           4  entry2.o(.ARM.Collect$$$$00002712)
    .text                                    0x00000298   Section       28  startup.o(.text)
    .text                                    0x000002b4   Section       40  random.o(.text)
    .text                                    0x000002dc   Section        0  dadd.o(.text)
    .text                                    0x0000042a   Section        0  dmul.o(.text)
    .text                                    0x0000050e   Section        0  dflti.o(.text)
    .text                                    0x00000530   Section        0  ffixi.o(.text)
    .text                                    0x00000562   Section        0  dfixi.o(.text)
    .text                                    0x000005a0   Section        0  f2d.o(.text)
    .text                                    0x000005c6   Section        0  llshl.o(.text)
    .text                                    0x000005e4   Section        0  llushr.o(.text)
    .text                                    0x00000604   Section        0  llsshr.o(.text)
    .text                                    0x00000628   Section        0  iusefp.o(.text)
    .text                                    0x00000628   Section        0  depilogue.o(.text)
    .text                                    0x000006e8   Section       36  init.o(.text)
    .text                                    0x0000070c   Section        0  __dclz77c.o(.text)
    i.ADC_In                                 0x0000076c   Section        0  adc.o(i.ADC_In)
    i.ADC_Initialize                         0x00000798   Section        0  adc.o(i.ADC_Initialize)
    i.DAC_Out                                0x00000928   Section        0  main.o(i.DAC_Out)
    i.DEATH                                  0x00000934   Section        0  main.o(i.DEATH)
    i.GPIOPortA_Handler                      0x000009a0   Section        0  ssd2119.o(i.GPIOPortA_Handler)
    i.LCD_DrawBMP                            0x000009ac   Section        0  ssd2119.o(i.LCD_DrawBMP)
    i.LCD_DrawLine                           0x00000c0c   Section        0  ssd2119.o(i.LCD_DrawLine)
    i.LCD_DrawPixel                          0x00000cba   Section        0  ssd2119.o(i.LCD_DrawPixel)
    i.LCD_GPIOInit                           0x00000ce8   Section        0  ssd2119.o(i.LCD_GPIOInit)
    i.LCD_Goto                               0x00000d9c   Section        0  ssd2119.o(i.LCD_Goto)
    i.LCD_Init                               0x00000dc0   Section        0  ssd2119.o(i.LCD_Init)
    i.LCD_PrintBinary                        0x00000f64   Section        0  ssd2119.o(i.LCD_PrintBinary)
    i.LCD_PrintChar                          0x00000ff4   Section        0  ssd2119.o(i.LCD_PrintChar)
    i.LCD_PrintFloat                         0x000010b4   Section        0  ssd2119.o(i.LCD_PrintFloat)
    i.LCD_PrintHex                           0x00001128   Section        0  ssd2119.o(i.LCD_PrintHex)
    i.LCD_PrintInteger                       0x00001198   Section        0  ssd2119.o(i.LCD_PrintInteger)
    i.LCD_PrintString                        0x000011f6   Section        0  ssd2119.o(i.LCD_PrintString)
    i.LCD_SetCursor                          0x00001210   Section        0  ssd2119.o(i.LCD_SetCursor)
    i.LCD_SetTextColor                       0x00001224   Section        0  ssd2119.o(i.LCD_SetTextColor)
    i.LCD_WriteCommand                       0x00001240   Section        0  ssd2119.o(i.LCD_WriteCommand)
    i.LCD_WriteData                          0x00001278   Section        0  ssd2119.o(i.LCD_WriteData)
    i.PLL_Init                               0x000012b0   Section        0  pll.o(i.PLL_Init)
    i.SysTick_Handler                        0x0000132c   Section        0  main.o(i.SysTick_Handler)
    i.SysTick_Init                           0x000013e8   Section        0  main.o(i.SysTick_Init)
    i.Timer2A_Handler                        0x00001420   Section        0  main.o(i.Timer2A_Handler)
    i.Timer2A_Start                          0x00001460   Section        0  main.o(i.Timer2A_Start)
    i.Timer2A_Stop                           0x0000147c   Section        0  main.o(i.Timer2A_Stop)
    i.Timer2_Init                            0x00001490   Section        0  main.o(i.Timer2_Init)
    i.__scatterload_copy                     0x000014f8   Section       14  handlers.o(i.__scatterload_copy)
    i.__scatterload_null                     0x00001506   Section        2  handlers.o(i.__scatterload_null)
    i.__scatterload_zeroinit                 0x00001508   Section       14  handlers.o(i.__scatterload_zeroinit)
    i.convertColor                           0x00001516   Section        0  ssd2119.o(i.convertColor)
    i.main                                   0x0000152c   Section        0  main.o(i.main)
    i.printf                                 0x000032cc   Section        0  ssd2119.o(i.printf)
    .constdata                               0x000033a4   Section      508  ssd2119.o(.constdata)
    ASCII                                    0x000033a4   Data         480  ssd2119.o(.constdata)
    .constdata                               0x000035a0   Section    16742  main.o(.constdata)
    ASCII                                    0x000035a0   Data         480  main.o(.constdata)
    .data                                    0x20000000   Section       12  ssd2119.o(.data)
    .data                                    0x2000000c   Section     1888  main.o(.data)
    newMissile                               0x20000708   Data           4  main.o(.data)
    notActiveSlot                            0x2000070c   Data           1  main.o(.data)
    notActiveSlotE                           0x2000070d   Data           1  main.o(.data)
    xShip                                    0x20000728   Data           4  main.o(.data)
    xShipTrail                               0x2000072c   Data           4  main.o(.data)
    ADCData                                  0x20000730   Data           4  main.o(.data)
    tester                                   0x20000734   Data           4  main.o(.data)
    userDeath                                0x20000738   Data           4  main.o(.data)
    DATA                                     0x2000076c   Section        4  random.o(DATA)
    M                                        0x2000076c   Data           4  random.o(DATA)
    .bss                                     0x20000770   Section      512  ssd2119.o(.bss)
    .bss                                     0x20000970   Section     1440  main.o(.bss)
    missile                                  0x20000970   Data         600  main.o(.bss)
    emissile                                 0x20000bc8   Data         600  main.o(.bss)
    enemy                                    0x20000e20   Data         240  main.o(.bss)
    STACK                                    0x20000f10   Section     1024  startup.o(STACK)
    StackMem                                 0x20000f10   Data           0  startup.o(STACK)

    Global Symbols

    Symbol Name                              Value     Ov Type        Size  Object(Section)

    BuildAttributes$$THM_ISAv4$E$P$D$K$B$S$7EM$PE$A:L22UL41UL21$X:L11$S22US41US21$IEEE1$IW$USESV6$~STKCKD$USESV7$~SHL$OSPACE$ROPI$EBA8$MICROLIB$REQ8$PRES8$EABIv2 0x00000000   Number         0  anon$$obj.o ABSOLUTE
    __ARM_use_no_argv                        0x00000000   Number         0  main.o ABSOLUTE
    __Vectors                                0x00000000   Data           0  startup.o(RESET)
    __cpp_initialize__aeabi_                  - Undefined Weak Reference
    __cxa_finalize                            - Undefined Weak Reference
    _clock_init                               - Undefined Weak Reference
    _microlib_exit                            - Undefined Weak Reference
    Reset_Handler                            0x0000026d   Thumb Code     0  startup.o(RESET)
    NMI_Handler                              0x00000271   Thumb Code     2  startup.o(RESET)
    HardFault_Handler                        0x00000273   Thumb Code     2  startup.o(RESET)
    MemManage_Handler                        0x00000275   Thumb Code     2  startup.o(RESET)
    BusFault_Handler                         0x00000277   Thumb Code     2  startup.o(RESET)
    UsageFault_Handler                       0x00000279   Thumb Code     2  startup.o(RESET)
    SVC_Handler                              0x0000027b   Thumb Code     2  startup.o(RESET)
    DebugMon_Handler                         0x0000027d   Thumb Code     2  startup.o(RESET)
    PendSV_Handler                           0x0000027f   Thumb Code     2  startup.o(RESET)
    ADC0Seq0_Handler                         0x00000283   Thumb Code     0  startup.o(RESET)
    ADC0Seq1_Handler                         0x00000283   Thumb Code     0  startup.o(RESET)
    ADC0Seq2_Handler                         0x00000283   Thumb Code     0  startup.o(RESET)
    ADC0Seq3_Handler                         0x00000283   Thumb Code     0  startup.o(RESET)
    ADC1Seq0_Handler                         0x00000283   Thumb Code     0  startup.o(RESET)
    ADC1Seq1_Handler                         0x00000283   Thumb Code     0  startup.o(RESET)
    ADC1Seq2_Handler                         0x00000283   Thumb Code     0  startup.o(RESET)
    ADC1Seq3_Handler                         0x00000283   Thumb Code     0  startup.o(RESET)
    CAN0_Handler                             0x00000283   Thumb Code     0  startup.o(RESET)
    CAN1_Handler                             0x00000283   Thumb Code     0  startup.o(RESET)
    CAN2_Handler                             0x00000283   Thumb Code     0  startup.o(RESET)
    Comp0_Handler                            0x00000283   Thumb Code     0  startup.o(RESET)
    Comp1_Handler                            0x00000283   Thumb Code     0  startup.o(RESET)
    Comp2_Handler                            0x00000283   Thumb Code     0  startup.o(RESET)
    Ethernet_Handler                         0x00000283   Thumb Code     0  startup.o(RESET)
    ExtBus_Handler                           0x00000283   Thumb Code     0  startup.o(RESET)
    FPU_Handler                              0x00000283   Thumb Code     0  startup.o(RESET)
    Fan0_Handler                             0x00000283   Thumb Code     0  startup.o(RESET)
    FlashCtl_Handler                         0x00000283   Thumb Code     0  startup.o(RESET)
    GPIOPortB_Handler                        0x00000283   Thumb Code     0  startup.o(RESET)
    GPIOPortC_Handler                        0x00000283   Thumb Code     0  startup.o(RESET)
    GPIOPortD_Handler                        0x00000283   Thumb Code     0  startup.o(RESET)
    GPIOPortE_Handler                        0x00000283   Thumb Code     0  startup.o(RESET)
    GPIOPortF_Handler                        0x00000283   Thumb Code     0  startup.o(RESET)
    GPIOPortG_Handler                        0x00000283   Thumb Code     0  startup.o(RESET)
    GPIOPortH_Handler                        0x00000283   Thumb Code     0  startup.o(RESET)
    GPIOPortJ_Handler                        0x00000283   Thumb Code     0  startup.o(RESET)
    GPIOPortK_Handler                        0x00000283   Thumb Code     0  startup.o(RESET)
    GPIOPortL_Handler                        0x00000283   Thumb Code     0  startup.o(RESET)
    GPIOPortM_Handler                        0x00000283   Thumb Code     0  startup.o(RESET)
    GPIOPortN_Handler                        0x00000283   Thumb Code     0  startup.o(RESET)
    GPIOPortP1_Handler                       0x00000283   Thumb Code     0  startup.o(RESET)
    GPIOPortP2_Handler                       0x00000283   Thumb Code     0  startup.o(RESET)
    GPIOPortP3_Handler                       0x00000283   Thumb Code     0  startup.o(RESET)
    GPIOPortP4_Handler                       0x00000283   Thumb Code     0  startup.o(RESET)
    GPIOPortP5_Handler                       0x00000283   Thumb Code     0  startup.o(RESET)
    GPIOPortP6_Handler                       0x00000283   Thumb Code     0  startup.o(RESET)
    GPIOPortP7_Handler                       0x00000283   Thumb Code     0  startup.o(RESET)
    GPIOPortP_Handler                        0x00000283   Thumb Code     0  startup.o(RESET)
    GPIOPortQ1_Handler                       0x00000283   Thumb Code     0  startup.o(RESET)
    GPIOPortQ2_Handler                       0x00000283   Thumb Code     0  startup.o(RESET)
    GPIOPortQ3_Handler                       0x00000283   Thumb Code     0  startup.o(RESET)
    GPIOPortQ4_Handler                       0x00000283   Thumb Code     0  startup.o(RESET)
    GPIOPortQ5_Handler                       0x00000283   Thumb Code     0  startup.o(RESET)
    GPIOPortQ6_Handler                       0x00000283   Thumb Code     0  startup.o(RESET)
    GPIOPortQ7_Handler                       0x00000283   Thumb Code     0  startup.o(RESET)
    GPIOPortQ_Handler                        0x00000283   Thumb Code     0  startup.o(RESET)
    GPIOPortR_Handler                        0x00000283   Thumb Code     0  startup.o(RESET)
    GPIOPortS_Handler                        0x00000283   Thumb Code     0  startup.o(RESET)
    Hibernate_Handler                        0x00000283   Thumb Code     0  startup.o(RESET)
    I2C0_Handler                             0x00000283   Thumb Code     0  startup.o(RESET)
    I2C1_Handler                             0x00000283   Thumb Code     0  startup.o(RESET)
    I2C2_Handler                             0x00000283   Thumb Code     0  startup.o(RESET)
    I2C3_Handler                             0x00000283   Thumb Code     0  startup.o(RESET)
    I2C4_Handler                             0x00000283   Thumb Code     0  startup.o(RESET)
    I2C5_Handler                             0x00000283   Thumb Code     0  startup.o(RESET)
    I2S0_Handler                             0x00000283   Thumb Code     0  startup.o(RESET)
    LPC0_Handler                             0x00000283   Thumb Code     0  startup.o(RESET)
    PECI0_Handler                            0x00000283   Thumb Code     0  startup.o(RESET)
    PWM0Fault_Handler                        0x00000283   Thumb Code     0  startup.o(RESET)
    PWM0Generator0_Handler                   0x00000283   Thumb Code     0  startup.o(RESET)
    PWM0Generator1_Handler                   0x00000283   Thumb Code     0  startup.o(RESET)
    PWM0Generator2_Handler                   0x00000283   Thumb Code     0  startup.o(RESET)
    PWM0Generator3_Handler                   0x00000283   Thumb Code     0  startup.o(RESET)
    PWM1Fault_Handler                        0x00000283   Thumb Code     0  startup.o(RESET)
    PWM1Generator0_Handler                   0x00000283   Thumb Code     0  startup.o(RESET)
    PWM1Generator1_Handler                   0x00000283   Thumb Code     0  startup.o(RESET)
    PWM1Generator2_Handler                   0x00000283   Thumb Code     0  startup.o(RESET)
    PWM1Generator3_Handler                   0x00000283   Thumb Code     0  startup.o(RESET)
    Quadrature0_Handler                      0x00000283   Thumb Code     0  startup.o(RESET)
    Quadrature1_Handler                      0x00000283   Thumb Code     0  startup.o(RESET)
    Quadrature2_Handler                      0x00000283   Thumb Code     0  startup.o(RESET)
    SSI0_Handler                             0x00000283   Thumb Code     0  startup.o(RESET)
    SSI1_Handler                             0x00000283   Thumb Code     0  startup.o(RESET)
    SSI2_Handler                             0x00000283   Thumb Code     0  startup.o(RESET)
    SSI3_Handler                             0x00000283   Thumb Code     0  startup.o(RESET)
    SysCtl_Handler                           0x00000283   Thumb Code     0  startup.o(RESET)
    Timer0A_Handler                          0x00000283   Thumb Code     0  startup.o(RESET)
    Timer0B_Handler                          0x00000283   Thumb Code     0  startup.o(RESET)
    Timer1A_Handler                          0x00000283   Thumb Code     0  startup.o(RESET)
    Timer1B_Handler                          0x00000283   Thumb Code     0  startup.o(RESET)
    Timer2B_Handler                          0x00000283   Thumb Code     0  startup.o(RESET)
    Timer3A_Handler                          0x00000283   Thumb Code     0  startup.o(RESET)
    Timer3B_Handler                          0x00000283   Thumb Code     0  startup.o(RESET)
    Timer4A_Handler                          0x00000283   Thumb Code     0  startup.o(RESET)
    Timer4B_Handler                          0x00000283   Thumb Code     0  startup.o(RESET)
    Timer5A_Handler                          0x00000283   Thumb Code     0  startup.o(RESET)
    Timer5B_Handler                          0x00000283   Thumb Code     0  startup.o(RESET)
    UART0_Handler                            0x00000283   Thumb Code     0  startup.o(RESET)
    UART1_Handler                            0x00000283   Thumb Code     0  startup.o(RESET)
    UART2_Handler                            0x00000283   Thumb Code     0  startup.o(RESET)
    UART3_Handler                            0x00000283   Thumb Code     0  startup.o(RESET)
    UART4_Handler                            0x00000283   Thumb Code     0  startup.o(RESET)
    UART5_Handler                            0x00000283   Thumb Code     0  startup.o(RESET)
    UART6_Handler                            0x00000283   Thumb Code     0  startup.o(RESET)
    UART7_Handler                            0x00000283   Thumb Code     0  startup.o(RESET)
    USB0_Handler                             0x00000283   Thumb Code     0  startup.o(RESET)
    WDT_Handler                              0x00000283   Thumb Code     0  startup.o(RESET)
    WideTimer0A_Handler                      0x00000283   Thumb Code     0  startup.o(RESET)
    WideTimer0B_Handler                      0x00000283   Thumb Code     0  startup.o(RESET)
    WideTimer1A_Handler                      0x00000283   Thumb Code     0  startup.o(RESET)
    WideTimer1B_Handler                      0x00000283   Thumb Code     0  startup.o(RESET)
    WideTimer2A_Handler                      0x00000283   Thumb Code     0  startup.o(RESET)
    WideTimer2B_Handler                      0x00000283   Thumb Code     0  startup.o(RESET)
    WideTimer3A_Handler                      0x00000283   Thumb Code     0  startup.o(RESET)
    WideTimer3B_Handler                      0x00000283   Thumb Code     0  startup.o(RESET)
    WideTimer4A_Handler                      0x00000283   Thumb Code     0  startup.o(RESET)
    WideTimer4B_Handler                      0x00000283   Thumb Code     0  startup.o(RESET)
    WideTimer5A_Handler                      0x00000283   Thumb Code     0  startup.o(RESET)
    WideTimer5B_Handler                      0x00000283   Thumb Code     0  startup.o(RESET)
    uDMA_Error                               0x00000283   Thumb Code     0  startup.o(RESET)
    uDMA_Handler                             0x00000283   Thumb Code     0  startup.o(RESET)
    __main                                   0x00000285   Thumb Code     0  entry.o(.ARM.Collect$$$$00000000)
    _main_stk                                0x00000285   Thumb Code     0  entry2.o(.ARM.Collect$$$$00000001)
    _main_scatterload                        0x00000289   Thumb Code     0  entry5.o(.ARM.Collect$$$$00000004)
    __main_after_scatterload                 0x0000028d   Thumb Code     0  entry5.o(.ARM.Collect$$$$00000004)
    _main_clock                              0x0000028d   Thumb Code     0  entry7b.o(.ARM.Collect$$$$00000008)
    _main_cpp_init                           0x0000028d   Thumb Code     0  entry8b.o(.ARM.Collect$$$$0000000A)
    _main_init                               0x0000028d   Thumb Code     0  entry9a.o(.ARM.Collect$$$$0000000B)
    __rt_final_cpp                           0x00000295   Thumb Code     0  entry10a.o(.ARM.Collect$$$$0000000D)
    __rt_final_exit                          0x00000295   Thumb Code     0  entry11a.o(.ARM.Collect$$$$0000000F)
    DisableInterrupts                        0x00000299   Thumb Code     0  startup.o(.text)
    EnableInterrupts                         0x0000029d   Thumb Code     0  startup.o(.text)
    StartCritical                            0x000002a1   Thumb Code     0  startup.o(.text)
    EndCritical                              0x000002a9   Thumb Code     0  startup.o(.text)
    WaitForInterrupt                         0x000002af   Thumb Code     0  startup.o(.text)
    Random_Init                              0x000002b5   Thumb Code     0  random.o(.text)
    Random                                   0x000002bf   Thumb Code     2  random.o(.text)
    __aeabi_dadd                             0x000002dd   Thumb Code   322  dadd.o(.text)
    __aeabi_dsub                             0x0000041f   Thumb Code     6  dadd.o(.text)
    __aeabi_drsub                            0x00000425   Thumb Code     6  dadd.o(.text)
    __aeabi_dmul                             0x0000042b   Thumb Code   228  dmul.o(.text)
    __aeabi_i2d                              0x0000050f   Thumb Code    34  dflti.o(.text)
    __aeabi_f2iz                             0x00000531   Thumb Code    50  ffixi.o(.text)
    __aeabi_d2iz                             0x00000563   Thumb Code    62  dfixi.o(.text)
    __aeabi_f2d                              0x000005a1   Thumb Code    38  f2d.o(.text)
    __aeabi_llsl                             0x000005c7   Thumb Code    30  llshl.o(.text)
    _ll_shift_l                              0x000005c7   Thumb Code     0  llshl.o(.text)
    __aeabi_llsr                             0x000005e5   Thumb Code    32  llushr.o(.text)
    _ll_ushift_r                             0x000005e5   Thumb Code     0  llushr.o(.text)
    __aeabi_lasr                             0x00000605   Thumb Code    36  llsshr.o(.text)
    _ll_sshift_r                             0x00000605   Thumb Code     0  llsshr.o(.text)
    __I$use$fp                               0x00000629   Thumb Code     0  iusefp.o(.text)
    _double_round                            0x00000629   Thumb Code    26  depilogue.o(.text)
    _double_epilogue                         0x00000643   Thumb Code   164  depilogue.o(.text)
    __scatterload                            0x000006e9   Thumb Code    28  init.o(.text)
    __scatterload_rt2                        0x000006e9   Thumb Code     0  init.o(.text)
    __decompress                             0x0000070d   Thumb Code     0  __dclz77c.o(.text)
    __decompress2                            0x0000070d   Thumb Code    96  __dclz77c.o(.text)
    ADC_In                                   0x0000076d   Thumb Code    36  adc.o(i.ADC_In)
    ADC_Initialize                           0x00000799   Thumb Code   356  adc.o(i.ADC_Initialize)
    DAC_Out                                  0x00000929   Thumb Code     6  main.o(i.DAC_Out)
    DEATH                                    0x00000935   Thumb Code    84  main.o(i.DEATH)
    GPIOPortA_Handler                        0x000009a1   Thumb Code     8  ssd2119.o(i.GPIOPortA_Handler)
    LCD_DrawBMP                              0x000009ad   Thumb Code   602  ssd2119.o(i.LCD_DrawBMP)
    LCD_DrawLine                             0x00000c0d   Thumb Code   174  ssd2119.o(i.LCD_DrawLine)
    LCD_DrawPixel                            0x00000cbb   Thumb Code    46  ssd2119.o(i.LCD_DrawPixel)
    LCD_GPIOInit                             0x00000ce9   Thumb Code   144  ssd2119.o(i.LCD_GPIOInit)
    LCD_Goto                                 0x00000d9d   Thumb Code    34  ssd2119.o(i.LCD_Goto)
    LCD_Init                                 0x00000dc1   Thumb Code   416  ssd2119.o(i.LCD_Init)
    LCD_PrintBinary                          0x00000f65   Thumb Code   130  ssd2119.o(i.LCD_PrintBinary)
    LCD_PrintChar                            0x00000ff5   Thumb Code   176  ssd2119.o(i.LCD_PrintChar)
    LCD_PrintFloat                           0x000010b5   Thumb Code    68  ssd2119.o(i.LCD_PrintFloat)
    LCD_PrintHex                             0x00001129   Thumb Code   104  ssd2119.o(i.LCD_PrintHex)
    LCD_PrintInteger                         0x00001199   Thumb Code    94  ssd2119.o(i.LCD_PrintInteger)
    LCD_PrintString                          0x000011f7   Thumb Code    26  ssd2119.o(i.LCD_PrintString)
    LCD_SetCursor                            0x00001211   Thumb Code    10  ssd2119.o(i.LCD_SetCursor)
    LCD_SetTextColor                         0x00001225   Thumb Code    24  ssd2119.o(i.LCD_SetTextColor)
    LCD_WriteCommand                         0x00001241   Thumb Code    48  ssd2119.o(i.LCD_WriteCommand)
    LCD_WriteData                            0x00001279   Thumb Code    48  ssd2119.o(i.LCD_WriteData)
    PLL_Init                                 0x000012b1   Thumb Code   118  pll.o(i.PLL_Init)
    SysTick_Handler                          0x0000132d   Thumb Code   162  main.o(i.SysTick_Handler)
    SysTick_Init                             0x000013e9   Thumb Code    48  main.o(i.SysTick_Init)
    Timer2A_Handler                          0x00001421   Thumb Code    50  main.o(i.Timer2A_Handler)
    Timer2A_Start                            0x00001461   Thumb Code    20  main.o(i.Timer2A_Start)
    Timer2A_Stop                             0x0000147d   Thumb Code    14  main.o(i.Timer2A_Stop)
    Timer2_Init                              0x00001491   Thumb Code    82  main.o(i.Timer2_Init)
    __scatterload_copy                       0x000014f9   Thumb Code    14  handlers.o(i.__scatterload_copy)
    __scatterload_null                       0x00001507   Thumb Code     2  handlers.o(i.__scatterload_null)
    __scatterload_zeroinit                   0x00001509   Thumb Code    14  handlers.o(i.__scatterload_zeroinit)
    convertColor                             0x00001517   Thumb Code    20  ssd2119.o(i.convertColor)
    main                                     0x0000152d   Thumb Code  7584  main.o(i.main)
    printf                                   0x000032cd   Thumb Code   214  ssd2119.o(i.printf)
    fastinvader1                             0x00003780   Data         982  main.o(.constdata)
    fastinvader2                             0x00003b56   Data        1042  main.o(.constdata)
    fastinvader3                             0x00003f68   Data        1054  main.o(.constdata)
    fastinvader4                             0x00004386   Data        1098  main.o(.constdata)
    invaderkilled                            0x000047d0   Data        3377  main.o(.constdata)
    shoot                                    0x00005501   Data        4080  main.o(.constdata)
    highpitch                                0x000064f1   Data        1802  main.o(.constdata)
    userMissile                              0x00006bfb   Data         239  main.o(.constdata)
    UmissileErase                            0x00006cea   Data         123  main.o(.constdata)
    enemyMissile                             0x00006d65   Data         223  main.o(.constdata)
    userShip                                 0x00006e44   Data         663  main.o(.constdata)
    UshipErase                               0x000070db   Data         199  main.o(.constdata)
    AlienEnemySmall                          0x000071a2   Data         407  main.o(.constdata)
    AlienEnemyBig                            0x00007339   Data         407  main.o(.constdata)
    Explosion1                               0x000074d0   Data         407  main.o(.constdata)
    ExplosionBlack                           0x00007667   Data         159  main.o(.constdata)
    Region$$Table$$Base                      0x00007708   Number         0  anon$$obj.o(Region$$Table)
    Region$$Table$$Limit                     0x00007728   Number         0  anon$$obj.o(Region$$Table)
    Touch_WaitForInput                       0x20000000   Data           1  ssd2119.o(.data)
    cursorX                                  0x20000002   Data           2  ssd2119.o(.data)
    cursorY                                  0x20000004   Data           2  ssd2119.o(.data)
    textColor                                0x20000006   Data           2  ssd2119.o(.data)
    Touch_XVal                               0x20000008   Data           2  ssd2119.o(.data)
    Touch_YVal                               0x2000000a   Data           2  ssd2119.o(.data)
    sound                                    0x2000000c   Data        1786  main.o(.data)
    enemycount                               0x20000710   Data           4  main.o(.data)
    wave                                     0x20000714   Data           1  main.o(.data)
    wave2                                    0x20000715   Data           1  main.o(.data)
    wave3                                    0x20000716   Data           1  main.o(.data)
    wave4                                    0x20000717   Data           1  main.o(.data)
    wave2big                                 0x20000718   Data           1  main.o(.data)
    wave3big                                 0x20000719   Data           1  main.o(.data)
    countx                                   0x2000071a   Data           1  main.o(.data)
    countx2                                  0x2000071c   Data           4  main.o(.data)
    countx3                                  0x20000720   Data           4  main.o(.data)
    county                                   0x20000724   Data           4  main.o(.data)
    TimerCount                               0x2000073c   Data           4  main.o(.data)
    Semaphore                                0x20000740   Data           4  main.o(.data)
    deathPause                               0x20000744   Data           4  main.o(.data)
    timeCounter                              0x20000748   Data           4  main.o(.data)
    i                                        0x2000074c   Data           1  main.o(.data)
    Position                                 0x20000750   Data           4  main.o(.data)
    k                                        0x20000754   Data           1  main.o(.data)
    j                                        0x20000755   Data           1  main.o(.data)
    crashTestY                               0x20000756   Data           2  main.o(.data)
    crashTestXR                              0x20000758   Data           2  main.o(.data)
    crashTestXL                              0x2000075a   Data           2  main.o(.data)
    trainWreckL                              0x2000075c   Data           2  main.o(.data)
    trainWreckR                              0x2000075e   Data           2  main.o(.data)
    timecheck                                0x20000760   Data           4  main.o(.data)
    wavesize                                 0x20000764   Data           1  main.o(.data)
    Semaphore3                               0x20000768   Data           4  main.o(.data)
    colorTable                               0x20000770   Data         512  ssd2119.o(.bss)
    __initial_sp                             0x20001310   Data           0  startup.o(STACK)



==============================================================================

Memory Map of the image

  Image Entry point : 0x00000285

  Load Region LR_IROM1 (Base: 0x00000000, Size: 0x00007e98, Max: 0x00040000, ABSOLUTE, COMPRESSED[0x00007b70])

    Execution Region ER_IROM1 (Base: 0x00000000, Size: 0x00007728, Max: 0x00040000, ABSOLUTE)

    Base Addr    Size         Type   Attr      Idx    E Section Name        Object

    0x00000000   0x00000284   Code   RO            3    RESET               startup.o
    0x00000284   0x00000000   Code   RO          361  * .ARM.Collect$$$$00000000  mc_w.l(entry.o)
    0x00000284   0x00000004   Code   RO          380    .ARM.Collect$$$$00000001  mc_w.l(entry2.o)
    0x00000288   0x00000004   Code   RO          383    .ARM.Collect$$$$00000004  mc_w.l(entry5.o)
    0x0000028c   0x00000000   Code   RO          385    .ARM.Collect$$$$00000008  mc_w.l(entry7b.o)
    0x0000028c   0x00000000   Code   RO          387    .ARM.Collect$$$$0000000A  mc_w.l(entry8b.o)
    0x0000028c   0x00000008   Code   RO          388    .ARM.Collect$$$$0000000B  mc_w.l(entry9a.o)
    0x00000294   0x00000000   Code   RO          390    .ARM.Collect$$$$0000000D  mc_w.l(entry10a.o)
    0x00000294   0x00000000   Code   RO          392    .ARM.Collect$$$$0000000F  mc_w.l(entry11a.o)
    0x00000294   0x00000004   Code   RO          381    .ARM.Collect$$$$00002712  mc_w.l(entry2.o)
    0x00000298   0x0000001c   Code   RO            4    .text               startup.o
    0x000002b4   0x00000028   Code   RO          268    .text               random.o
    0x000002dc   0x0000014e   Code   RO          368    .text               mf_w.l(dadd.o)
    0x0000042a   0x000000e4   Code   RO          370    .text               mf_w.l(dmul.o)
    0x0000050e   0x00000022   Code   RO          372    .text               mf_w.l(dflti.o)
    0x00000530   0x00000032   Code   RO          374    .text               mf_w.l(ffixi.o)
    0x00000562   0x0000003e   Code   RO          376    .text               mf_w.l(dfixi.o)
    0x000005a0   0x00000026   Code   RO          378    .text               mf_w.l(f2d.o)
    0x000005c6   0x0000001e   Code   RO          394    .text               mc_w.l(llshl.o)
    0x000005e4   0x00000020   Code   RO          396    .text               mc_w.l(llushr.o)
    0x00000604   0x00000024   Code   RO          398    .text               mc_w.l(llsshr.o)
    0x00000628   0x00000000   Code   RO          400    .text               mc_w.l(iusefp.o)
    0x00000628   0x000000be   Code   RO          401    .text               mf_w.l(depilogue.o)
    0x000006e6   0x00000002   PAD
    0x000006e8   0x00000024   Code   RO          403    .text               mc_w.l(init.o)
    0x0000070c   0x00000060   Code   RO          413    .text               mc_w.l(__dclz77c.o)
    0x0000076c   0x0000002c   Code   RO          343    i.ADC_In            adc.o
    0x00000798   0x00000190   Code   RO          344    i.ADC_Initialize    adc.o
    0x00000928   0x0000000c   Code   RO          271    i.DAC_Out           main.o
    0x00000934   0x0000006c   Code   RO          272    i.DEATH             main.o
    0x000009a0   0x0000000c   Code   RO           31    i.GPIOPortA_Handler  ssd2119.o
    0x000009ac   0x00000260   Code   RO           33    i.LCD_DrawBMP       ssd2119.o
    0x00000c0c   0x000000ae   Code   RO           38    i.LCD_DrawLine      ssd2119.o
    0x00000cba   0x0000002e   Code   RO           39    i.LCD_DrawPixel     ssd2119.o
    0x00000ce8   0x000000b4   Code   RO           42    i.LCD_GPIOInit      ssd2119.o
    0x00000d9c   0x00000022   Code   RO           43    i.LCD_Goto          ssd2119.o
    0x00000dbe   0x00000002   PAD
    0x00000dc0   0x000001a4   Code   RO           44    i.LCD_Init          ssd2119.o
    0x00000f64   0x00000090   Code   RO           45    i.LCD_PrintBinary   ssd2119.o
    0x00000ff4   0x000000c0   Code   RO           46    i.LCD_PrintChar     ssd2119.o
    0x000010b4   0x00000074   Code   RO           47    i.LCD_PrintFloat    ssd2119.o
    0x00001128   0x00000070   Code   RO           48    i.LCD_PrintHex      ssd2119.o
    0x00001198   0x0000005e   Code   RO           49    i.LCD_PrintInteger  ssd2119.o
    0x000011f6   0x0000001a   Code   RO           50    i.LCD_PrintString   ssd2119.o
    0x00001210   0x00000014   Code   RO           51    i.LCD_SetCursor     ssd2119.o
    0x00001224   0x0000001c   Code   RO           52    i.LCD_SetTextColor  ssd2119.o
    0x00001240   0x00000038   Code   RO           53    i.LCD_WriteCommand  ssd2119.o
    0x00001278   0x00000038   Code   RO           54    i.LCD_WriteData     ssd2119.o
    0x000012b0   0x0000007c   Code   RO           12    i.PLL_Init          pll.o
    0x0000132c   0x000000bc   Code   RO          273    i.SysTick_Handler   main.o
    0x000013e8   0x00000038   Code   RO          274    i.SysTick_Init      main.o
    0x00001420   0x00000040   Code   RO          275    i.Timer2A_Handler   main.o
    0x00001460   0x0000001c   Code   RO          276    i.Timer2A_Start     main.o
    0x0000147c   0x00000014   Code   RO          277    i.Timer2A_Stop      main.o
    0x00001490   0x00000068   Code   RO          278    i.Timer2_Init       main.o
    0x000014f8   0x0000000e   Code   RO          407    i.__scatterload_copy  mc_w.l(handlers.o)
    0x00001506   0x00000002   Code   RO          408    i.__scatterload_null  mc_w.l(handlers.o)
    0x00001508   0x0000000e   Code   RO          409    i.__scatterload_zeroinit  mc_w.l(handlers.o)
    0x00001516   0x00000014   Code   RO           63    i.convertColor      ssd2119.o
    0x0000152a   0x00000002   PAD
    0x0000152c   0x00001da0   Code   RO          279    i.main              main.o
    0x000032cc   0x000000d6   Code   RO           64    i.printf            ssd2119.o
    0x000033a2   0x00000002   PAD
    0x000033a4   0x000001fc   Data   RO           66    .constdata          ssd2119.o
    0x000035a0   0x00004166   Data   RO          281    .constdata          main.o
    0x00007706   0x00000002   PAD
    0x00007708   0x00000020   Data   RO          405    Region$$Table       anon$$obj.o


    Execution Region RW_IRAM1 (Base: 0x20000000, Size: 0x00001310, Max: 0x00008000, ABSOLUTE, COMPRESSED[0x00000448])

    Base Addr    Size         Type   Attr      Idx    E Section Name        Object

    0x20000000   0x0000000c   Data   RW           67    .data               ssd2119.o
    0x2000000c   0x00000760   Data   RW          282    .data               main.o
    0x2000076c   0x00000004   Data   RW          267    DATA                random.o
    0x20000770   0x00000200   Zero   RW           65    .bss                ssd2119.o
    0x20000970   0x000005a0   Zero   RW          280    .bss                main.o
    0x20000f10   0x00000400   Zero   RW            1    STACK               startup.o


==============================================================================

Image component sizes


      Code (inc. data)   RO Data    RW Data    ZI Data      Debug   Object Name

       444         52          0          0          0        978   adc.o
      8164        510      16742       1888       1440       9676   main.o
       124          6          0          0          0       1843   pll.o
        40         12          0          4          0        204   random.o
      2552        166        508         12        512      15623   ssd2119.o
       672        622          0          0       1024        932   startup.o

    ----------------------------------------------------------------------
     12002       1368      17284       1904       2976      29256   Object Totals
         0          0         32          0          0          0   (incl. Generated)
         6          0          2          0          0          0   (incl. Padding)

    ----------------------------------------------------------------------

      Code (inc. data)   RO Data    RW Data    ZI Data      Debug   Library Member Name

        96          0          0          0          0          0   __dclz77c.o
         0          0          0          0          0          0   entry.o
         0          0          0          0          0          0   entry10a.o
         0          0          0          0          0          0   entry11a.o
         8          4          0          0          0          0   entry2.o
         4          0          0          0          0          0   entry5.o
         0          0          0          0          0          0   entry7b.o
         0          0          0          0          0          0   entry8b.o
         8          4          0          0          0          0   entry9a.o
        30          0          0          0          0          0   handlers.o
        36          8          0          0          0         68   init.o
         0          0          0          0          0          0   iusefp.o
        30          0          0          0          0         68   llshl.o
        36          0          0          0          0         68   llsshr.o
        32          0          0          0          0         68   llushr.o
       334          0          0          0          0        148   dadd.o
       190          0          0          0          0        176   depilogue.o
        62          0          0          0          0         80   dfixi.o
        34          0          0          0          0         76   dflti.o
       228          0          0          0          0         96   dmul.o
        38          0          0          0          0         68   f2d.o
        50          0          0          0          0         68   ffixi.o

    ----------------------------------------------------------------------
      1218         16          0          0          0        984   Library Totals
         2          0          0          0          0          0   (incl. Padding)

    ----------------------------------------------------------------------

      Code (inc. data)   RO Data    RW Data    ZI Data      Debug   Library Name

       280         16          0          0          0        272   mc_w.l
       936          0          0          0          0        712   mf_w.l

    ----------------------------------------------------------------------
      1218         16          0          0          0        984   Library Totals

    ----------------------------------------------------------------------

==============================================================================


      Code (inc. data)   RO Data    RW Data    ZI Data      Debug   

     13220       1384      17284       1904       2976      28316   Grand Totals
     13220       1384      17284       1096       2976      28316   ELF Image Totals (compressed)
     13220       1384      17284       1096          0          0   ROM Totals

==============================================================================

    Total RO  Size (Code + RO Data)                30504 (  29.79kB)
    Total RW  Size (RW Data + ZI Data)              4880 (   4.77kB)
    Total ROM Size (Code + RO Data + RW Data)      31600 (  30.86kB)

==============================================================================

