<html>
<body>
<pre>
<h1>µVision Build Log</h1>
<h2>Project:</h2>
D:\My Dropbox\apn176\EE319K\MySetup\EE319Kware\Lab10_EE319K\Lab10.uvproj
Project File Date:  12/06/2013

<h2>Output:</h2>
Build target 'Game'
assembling startup.s...
compiling PLL.c...
compiling SSD2119.c...
assembling random.s...
compiling main.c...
linking...
Program Size: Code=3760 RO-data=25936 RW-data=20 ZI-data=1028  
"Game.axf" - 0 Error(s), 0 Warning(s).
Clean started: Project: 'Lab10'
   deleting intermediate output files for target 'Game'
