<html>
<body>
<pre>
<h1>µVision Build Log</h1>
<h2>Project:</h2>
C:\Users\Kurt\Desktop\Lab16\Lab16\Lab10.11\10.10\Lab10.7\Lab10_EE319K\Lab10.uvproj
Project File Date:  05/02/2014

<h2>Output:</h2>
Build target 'Game'
linking...
Program Size: Code=13220 RO-data=17284 RW-data=1904 ZI-data=2976  
".\Game.axf" - 0 Error(s), 0 Warning(s).
Load "C:\\Users\\Kurt\\Desktop\\Lab16\\Lab16\\Lab10.11\\10.10\\Lab10.7\\Lab10_EE319K\\Game.axf" 
Connecting: Mode=JTAG, Speed=1000000Hz
Erase Done.
Programming Done.
Verify OK.
</pre>
</body>
</html>
ownload failed  -  Target DLL has been cancelled
Load "C:\\Users\\Kurt\\Desktop\\Lab16\\Lab16\\Lab10.11\\10.10\\Lab10.7\\Lab10_EE319K\\Game.axf" 
Connecting: Mode=JTAG, Speed=1000000Hz
Erase Done.
Programming Done.
Verify OK.
 Mode=JTAG, Speed=1000000Hz
Connection failed!, error code=&d
Error: Flash Download failed  -  Target DLL has been cancelled
